// Jest Snapshot v1, https://goo.gl/fbAQLP

exports[`healthcheck Returns health check information 1`] = `
Object {
  "status": "ok",
  "statusCode": 200,
}
`;
